// Jest Snapshot v1, https://goo.gl/fbAQLP

exports[`Detalhes loads corretly 1`] = `
<ContextConsumer>
  <Component />
</ContextConsumer>
`;
