// Jest Snapshot v1, https://goo.gl/fbAQLP

exports[`Footer loads corretly 1`] = `
<footer
  className="footer-container"
>
  <div
    className="footer-copyright"
  >
    Â©2020 Copyright
  </div>
  <div
    className="img"
  >
    <img
      alt="Imagem"
      src="test-file-stub"
    />
  </div>
</footer>
`;
